// Jest Snapshot v1, https://goo.gl/fbAQLP

exports[`test GiftItemTest debe de hacer match con el snapshot 1`] = `
<div>
  <div
    class="card"
  >
    <img
      alt="Hola"
    />
    <p>
      Hola
    </p>
  </div>
</div>
`;
